[rometheme.net/html/alife/index.html]
[backblue.gif]
[fade.gif]
[index.html]
[rometheme.net/html/alife/images/favicon.ico]
[rometheme.net/html/alife/images/apple-touch-icon.png]
[rometheme.net/html/alife/images/apple-touch-icon-72x72.png]
[rometheme.net/html/alife/images/apple-touch-icon-114x114.png]
[rometheme.net/html/alife/js/vendor/modernizr.min.js]
[rometheme.net/google_analytics_auto.d.delayed]
[rometheme.net/html/alife/index-2.html]
[rometheme.net/html/alife/images/logo.png]
[rometheme.net/html/alife/images/home01.jpg]
[rometheme.net/html/alife/images/home02.jpg]
[rometheme.net/html/alife/images/testimony-thumb-4.jpg]
[rometheme.net/html/alife/images/testimony-thumb-5.jpg]
[rometheme.net/html/alife/images/story-img-1.jpg]
[rometheme.net/html/alife/images/story-img-2.jpg]
[rometheme.net/html/alife/images/story-img-3.jpg]
[rometheme.net/html/alife/images/testimony-thumb-6.jpg]
[rometheme.net/html/alife/images/testimony-thumb-1.jpg]
[rometheme.net/html/alife/images/testimony-thumb-2.jpg]
[rometheme.net/html/alife/images/testimony-thumb-3.jpg]
[rometheme.net/html/alife/images/gallery-img-1.jpg]
[rometheme.net/html/alife/images/gallery-img-2.jpg]
[rometheme.net/html/alife/images/gallery-img-3.jpg]
[rometheme.net/html/alife/images/gallery-img-4.jpg]
[rometheme.net/html/alife/images/gallery-img-5.jpg]
[rometheme.net/html/alife/images/gallery-img-6.jpg]
[rometheme.net/html/alife/images/gallery-img-7.jpg]
[rometheme.net/html/alife/images/gallery-img-8.jpg]
[rometheme.net/html/alife/images/gallery-img-9.jpg]
[rometheme.net/html/alife/images/gallery-img-10.jpg]
[rometheme.net/html/alife/images/gallery-img-11.jpg]
[rometheme.net/html/alife/images/gallery-img-12.jpg]
[rometheme.net/html/alife/news-single.html]
[rometheme.net/html/alife/images/news-img-1.jpg]
[rometheme.net/html/alife/images/news-img-2.jpg]
[rometheme.net/html/alife/images/news-img-3.jpg]
[rometheme.net/html/alife/images/client1.png]
[rometheme.net/html/alife/images/client2.png]
[rometheme.net/html/alife/images/client3.png]
[rometheme.net/html/alife/images/client4.png]
[rometheme.net/html/alife/images/client5.png]
[rometheme.net/html/alife/images/client6.png]
[rometheme.net/html/alife/js/vendor/jquery.min.js]
[rometheme.net/html/alife/js/vendor/bootstrap.min.js]
[rometheme.net/html/alife/js/vendor/owl.carousel.js]
[rometheme.net/html/alife/js/vendor/jquery.magnific-popup.min.js]
[rometheme.net/html/alife/js/vendor/isotope.pkgd.min.js]
[rometheme.net/html/alife/js/vendor/imagesloaded.pkgd.min.js]
[rometheme.net/html/alife/js/vendor/validator.min.js]
[rometheme.net/html/alife/js/vendor/form-scripts.js]
[rometheme.net/html/alife/js/googlemap-setting.js]
[rometheme.net/html/alife/js/script.js]
[rometheme.net/html/alife/index.html]
[rometheme.net/html/alife/css/vendor/bootstrap.min.css]
[rometheme.net/html/alife/fonts/fontawesome-webfont3e6e.eot]
[rometheme.net/html/alife/fonts/fontawesome-webfontd41d.eot]
[rometheme.net/html/alife/fonts/fontawesome-webfont3e6e.woff2]
[rometheme.net/html/alife/fonts/fontawesome-webfont3e6e.woff]
[rometheme.net/html/alife/fonts/fontawesome-webfont3e6e.ttf]
[rometheme.net/html/alife/css/vendor/font-awesome.min.css]
[rometheme.net/html/alife/css/vendor/owl.video.play.42.delayed]
[rometheme.net/html/alife/css/vendor/owl.carousel.min.css]
[rometheme.net/html/alife/css/vendor/owl.theme.default.min.css]
[rometheme.net/html/alife/css/vendor/magnific-popup.css]
[rometheme.net/html/alife/css/vendor/animate.min.css]
[rometheme.net/html/alife/fonts/sas-webfontc56b.eot]
[rometheme.net/html/alife/fonts/sas-webfontc56b.woff2]
[rometheme.net/html/alife/fonts/sas-webfontc56b.woff]
[rometheme.net/html/alife/fonts/sas-webfontc56b.ttf]
[rometheme.net/html/alife/css/style.css]
[rometheme.net/google_analytics_auto.html]
[rometheme.net/html/alife/index-2.html]
[rometheme.net/html/alife/page-news-single.4b.delayed]
[rometheme.net/html/alife/images/news-preview-img.jpg]
[rometheme.net/html/alife/news-single.html]
[rometheme.net/html/alife/fonts/fontawesome-webfont3e6e.svg]
[rometheme.net/html/alife/css/vendor/owl.video.play.html]
[rometheme.net/html/alife/fonts/sas-webfontc56b.svg]
[rometheme.net/html/alife/images/cd-top-arrow.svg]
[rometheme.net/html/alife/images/cd-icon-controller.svg]
[rometheme.net/html/alife/page-news-single.html]
